Archive member included because of file (symbol)

d:/embedded/imt_sdk_win_64/winavr/bin/../lib/gcc/avr/4.3.3/avr5\libgcc.a(_exit.o)
                              d:/embedded/imt_sdk_win_64/winavr/bin/../lib/gcc/avr/4.3.3/../../../../avr/lib/avr5/crtm32.o (exit)
d:/embedded/imt_sdk_win_64/winavr/bin/../lib/gcc/avr/4.3.3/avr5\libgcc.a(_copy_data.o)
                              ./HAL/Segment7/Segment7_Programe.o (__do_copy_data)
d:/embedded/imt_sdk_win_64/winavr/bin/../lib/gcc/avr/4.3.3/avr5\libgcc.a(_fixunssfsi.o)
                              ./MCAL/TIMER/Timer_Program.o (__fixunssfsi)
d:/embedded/imt_sdk_win_64/winavr/bin/../lib/gcc/avr/4.3.3/avr5\libgcc.a(_addsub_sf.o)
                              ./MCAL/TIMER/Timer_Program.o (__subsf3)
d:/embedded/imt_sdk_win_64/winavr/bin/../lib/gcc/avr/4.3.3/avr5\libgcc.a(_mul_sf.o)
                              ./MCAL/TIMER/Timer_Program.o (__mulsf3)
d:/embedded/imt_sdk_win_64/winavr/bin/../lib/gcc/avr/4.3.3/avr5\libgcc.a(_ge_sf.o)
                              d:/embedded/imt_sdk_win_64/winavr/bin/../lib/gcc/avr/4.3.3/avr5\libgcc.a(_fixunssfsi.o) (__gesf2)
d:/embedded/imt_sdk_win_64/winavr/bin/../lib/gcc/avr/4.3.3/avr5\libgcc.a(_sf_to_si.o)
                              d:/embedded/imt_sdk_win_64/winavr/bin/../lib/gcc/avr/4.3.3/avr5\libgcc.a(_fixunssfsi.o) (__fixsfsi)
d:/embedded/imt_sdk_win_64/winavr/bin/../lib/gcc/avr/4.3.3/avr5\libgcc.a(_thenan_sf.o)
                              d:/embedded/imt_sdk_win_64/winavr/bin/../lib/gcc/avr/4.3.3/avr5\libgcc.a(_addsub_sf.o) (__thenan_sf)
d:/embedded/imt_sdk_win_64/winavr/bin/../lib/gcc/avr/4.3.3/avr5\libgcc.a(_prologue.o)
                              d:/embedded/imt_sdk_win_64/winavr/bin/../lib/gcc/avr/4.3.3/avr5\libgcc.a(_addsub_sf.o) (__prologue_saves__)
d:/embedded/imt_sdk_win_64/winavr/bin/../lib/gcc/avr/4.3.3/avr5\libgcc.a(_epilogue.o)
                              d:/embedded/imt_sdk_win_64/winavr/bin/../lib/gcc/avr/4.3.3/avr5\libgcc.a(_addsub_sf.o) (__epilogue_restores__)
d:/embedded/imt_sdk_win_64/winavr/bin/../lib/gcc/avr/4.3.3/avr5\libgcc.a(_pack_sf.o)
                              d:/embedded/imt_sdk_win_64/winavr/bin/../lib/gcc/avr/4.3.3/avr5\libgcc.a(_addsub_sf.o) (__pack_f)
d:/embedded/imt_sdk_win_64/winavr/bin/../lib/gcc/avr/4.3.3/avr5\libgcc.a(_unpack_sf.o)
                              d:/embedded/imt_sdk_win_64/winavr/bin/../lib/gcc/avr/4.3.3/avr5\libgcc.a(_addsub_sf.o) (__unpack_f)
d:/embedded/imt_sdk_win_64/winavr/bin/../lib/gcc/avr/4.3.3/avr5\libgcc.a(_fpcmp_parts_sf.o)
                              d:/embedded/imt_sdk_win_64/winavr/bin/../lib/gcc/avr/4.3.3/avr5\libgcc.a(_ge_sf.o) (__fpcmp_parts_f)

Memory Configuration

Name             Origin             Length             Attributes
text             0x00000000         0x00020000         xr
data             0x00800060         0x0000ffa0         rw !x
eeprom           0x00810000         0x00010000         rw !x
fuse             0x00820000         0x00000400         rw !x
lock             0x00830000         0x00000400         rw !x
signature        0x00840000         0x00000400         rw !x
*default*        0x00000000         0xffffffff

Linker script and memory map

LOAD d:/embedded/imt_sdk_win_64/winavr/bin/../lib/gcc/avr/4.3.3/../../../../avr/lib/avr5/crtm32.o
LOAD ./MCAL/WatchDog/WatchDog_Program.o
LOAD ./MCAL/UART/UART_Program.o
LOAD ./MCAL/TIMER/Timer_Program.o
LOAD ./MCAL/SPI/SPI_Program.o
LOAD ./MCAL/I2C/I2C_Program.o
LOAD ./MCAL/GInterrupt/GInterrupt_Programme.o
LOAD ./MCAL/EXTInterrupt/EXTInterrupt_Programme.o
LOAD ./MCAL/DIO/DIO_programme.o
LOAD ./MCAL/ADC/ADC_Programme.o
LOAD ./HAL/Segment7/Segment7_Programe.o
LOAD ./main.o
LOAD d:/embedded/imt_sdk_win_64/winavr/bin/../lib/gcc/avr/4.3.3/avr5\libgcc.a
LOAD d:/embedded/imt_sdk_win_64/winavr/bin/../lib/gcc/avr/4.3.3/../../../../avr/lib/avr5\libc.a
LOAD d:/embedded/imt_sdk_win_64/winavr/bin/../lib/gcc/avr/4.3.3/avr5\libgcc.a

.hash
 *(.hash)

.dynsym
 *(.dynsym)

.dynstr
 *(.dynstr)

.gnu.version
 *(.gnu.version)

.gnu.version_d
 *(.gnu.version_d)

.gnu.version_r
 *(.gnu.version_r)

.rel.init
 *(.rel.init)

.rela.init
 *(.rela.init)

.rel.text
 *(.rel.text)
 *(.rel.text.*)
 *(.rel.gnu.linkonce.t*)

.rela.text
 *(.rela.text)
 *(.rela.text.*)
 *(.rela.gnu.linkonce.t*)

.rel.fini
 *(.rel.fini)

.rela.fini
 *(.rela.fini)

.rel.rodata
 *(.rel.rodata)
 *(.rel.rodata.*)
 *(.rel.gnu.linkonce.r*)

.rela.rodata
 *(.rela.rodata)
 *(.rela.rodata.*)
 *(.rela.gnu.linkonce.r*)

.rel.data
 *(.rel.data)
 *(.rel.data.*)
 *(.rel.gnu.linkonce.d*)

.rela.data
 *(.rela.data)
 *(.rela.data.*)
 *(.rela.gnu.linkonce.d*)

.rel.ctors
 *(.rel.ctors)

.rela.ctors
 *(.rela.ctors)

.rel.dtors
 *(.rel.dtors)

.rela.dtors
 *(.rela.dtors)

.rel.got
 *(.rel.got)

.rela.got
 *(.rela.got)

.rel.bss
 *(.rel.bss)

.rela.bss
 *(.rela.bss)

.rel.plt
 *(.rel.plt)

.rela.plt
 *(.rela.plt)

.text           0x00000000     0x22f8
 *(.vectors)
 .vectors       0x00000000       0x54 d:/embedded/imt_sdk_win_64/winavr/bin/../lib/gcc/avr/4.3.3/../../../../avr/lib/avr5/crtm32.o
                0x00000000                __vectors
                0x00000000                __vector_default
 *(.vectors)
 *(.progmem.gcc*)
 *(.progmem*)
                0x00000054                . = ALIGN (0x2)
                0x00000054                __trampolines_start = .
 *(.trampolines)
 .trampolines   0x00000054        0x0 linker stubs
 *(.trampolines*)
                0x00000054                __trampolines_end = .
 *(.jumptables)
 *(.jumptables*)
 *(.lowtext)
 *(.lowtext*)
                0x00000054                __ctors_start = .
 *(.ctors)
                0x00000054                __ctors_end = .
                0x00000054                __dtors_start = .
 *(.dtors)
                0x00000054                __dtors_end = .
 SORT(*)(.ctors)
 SORT(*)(.dtors)
 *(.init0)
 .init0         0x00000054        0x0 d:/embedded/imt_sdk_win_64/winavr/bin/../lib/gcc/avr/4.3.3/../../../../avr/lib/avr5/crtm32.o
                0x00000054                __init
 *(.init0)
 *(.init1)
 *(.init1)
 *(.init2)
 .init2         0x00000054        0xc d:/embedded/imt_sdk_win_64/winavr/bin/../lib/gcc/avr/4.3.3/../../../../avr/lib/avr5/crtm32.o
 *(.init2)
 *(.init3)
 *(.init3)
 *(.init4)
 .init4         0x00000060       0x16 d:/embedded/imt_sdk_win_64/winavr/bin/../lib/gcc/avr/4.3.3/avr5\libgcc.a(_copy_data.o)
                0x00000060                __do_copy_data
 *(.init4)
 *(.init5)
 *(.init5)
 *(.init6)
 *(.init6)
 *(.init7)
 *(.init7)
 *(.init8)
 *(.init8)
 *(.init9)
 .init9         0x00000076        0x8 d:/embedded/imt_sdk_win_64/winavr/bin/../lib/gcc/avr/4.3.3/../../../../avr/lib/avr5/crtm32.o
 *(.init9)
 *(.text)
 .text          0x0000007e        0x4 d:/embedded/imt_sdk_win_64/winavr/bin/../lib/gcc/avr/4.3.3/../../../../avr/lib/avr5/crtm32.o
                0x0000007e                __vector_12
                0x0000007e                __bad_interrupt
                0x0000007e                __vector_6
                0x0000007e                __vector_13
                0x0000007e                __vector_17
                0x0000007e                __vector_19
                0x0000007e                __vector_7
                0x0000007e                __vector_5
                0x0000007e                __vector_4
                0x0000007e                __vector_9
                0x0000007e                __vector_15
                0x0000007e                __vector_8
                0x0000007e                __vector_14
                0x0000007e                __vector_16
                0x0000007e                __vector_18
                0x0000007e                __vector_20
 .text          0x00000082        0x0 ./MCAL/WatchDog/WatchDog_Program.o
 .text          0x00000082        0x0 ./MCAL/UART/UART_Program.o
 .text          0x00000082        0x0 ./MCAL/TIMER/Timer_Program.o
 .text          0x00000082        0x0 ./MCAL/SPI/SPI_Program.o
 .text          0x00000082        0x0 ./MCAL/I2C/I2C_Program.o
 .text          0x00000082        0x0 ./MCAL/GInterrupt/GInterrupt_Programme.o
 .text          0x00000082        0x0 ./MCAL/EXTInterrupt/EXTInterrupt_Programme.o
 .text          0x00000082        0x0 ./MCAL/DIO/DIO_programme.o
 .text          0x00000082        0x0 ./MCAL/ADC/ADC_Programme.o
 .text          0x00000082        0x0 ./HAL/Segment7/Segment7_Programe.o
 .text          0x00000082        0x0 ./main.o
 .text          0x00000082        0x0 d:/embedded/imt_sdk_win_64/winavr/bin/../lib/gcc/avr/4.3.3/avr5\libgcc.a(_exit.o)
 .text          0x00000082        0x0 d:/embedded/imt_sdk_win_64/winavr/bin/../lib/gcc/avr/4.3.3/avr5\libgcc.a(_copy_data.o)
 .text          0x00000082       0x58 d:/embedded/imt_sdk_win_64/winavr/bin/../lib/gcc/avr/4.3.3/avr5\libgcc.a(_fixunssfsi.o)
                0x00000082                __fixunssfsi
 .text          0x000000da      0x354 d:/embedded/imt_sdk_win_64/winavr/bin/../lib/gcc/avr/4.3.3/avr5\libgcc.a(_addsub_sf.o)
                0x00000372                __subsf3
                0x000003d4                __addsf3
 .text          0x0000042e      0x1f4 d:/embedded/imt_sdk_win_64/winavr/bin/../lib/gcc/avr/4.3.3/avr5\libgcc.a(_mul_sf.o)
                0x0000042e                __mulsf3
 .text          0x00000622       0x60 d:/embedded/imt_sdk_win_64/winavr/bin/../lib/gcc/avr/4.3.3/avr5\libgcc.a(_ge_sf.o)
                0x00000622                __gesf2
 .text          0x00000682       0xa8 d:/embedded/imt_sdk_win_64/winavr/bin/../lib/gcc/avr/4.3.3/avr5\libgcc.a(_sf_to_si.o)
                0x00000682                __fixsfsi
 .text          0x0000072a        0x0 d:/embedded/imt_sdk_win_64/winavr/bin/../lib/gcc/avr/4.3.3/avr5\libgcc.a(_thenan_sf.o)
 .text          0x0000072a        0x0 d:/embedded/imt_sdk_win_64/winavr/bin/../lib/gcc/avr/4.3.3/avr5\libgcc.a(_prologue.o)
 .text          0x0000072a        0x0 d:/embedded/imt_sdk_win_64/winavr/bin/../lib/gcc/avr/4.3.3/avr5\libgcc.a(_epilogue.o)
 .text          0x0000072a      0x1aa d:/embedded/imt_sdk_win_64/winavr/bin/../lib/gcc/avr/4.3.3/avr5\libgcc.a(_pack_sf.o)
                0x0000072a                __pack_f
 .text          0x000008d4       0xf0 d:/embedded/imt_sdk_win_64/winavr/bin/../lib/gcc/avr/4.3.3/avr5\libgcc.a(_unpack_sf.o)
                0x000008d4                __unpack_f
 .text          0x000009c4       0xb2 d:/embedded/imt_sdk_win_64/winavr/bin/../lib/gcc/avr/4.3.3/avr5\libgcc.a(_fpcmp_parts_sf.o)
                0x000009c4                __fpcmp_parts_f
                0x00000a76                . = ALIGN (0x2)
 *(.text.*)
 .text.WatchDog_Init
                0x00000a76       0x1c ./MCAL/WatchDog/WatchDog_Program.o
                0x00000a76                WatchDog_Init
 .text.WatchDog_Enable
                0x00000a92       0x1c ./MCAL/WatchDog/WatchDog_Program.o
                0x00000a92                WatchDog_Enable
 .text.WatchDog_TurnOff
                0x00000aae       0x2a ./MCAL/WatchDog/WatchDog_Program.o
                0x00000aae                WatchDog_TurnOff
 .text.UART_Init
                0x00000ad8       0x3e ./MCAL/UART/UART_Program.o
                0x00000ad8                UART_Init
 .text.UART_Transmit
                0x00000b16       0x34 ./MCAL/UART/UART_Program.o
                0x00000b16                UART_Transmit
 .text.UART_Receive
                0x00000b4a       0x20 ./MCAL/UART/UART_Program.o
                0x00000b4a                UART_Receive
 .text.TIMER0Normal_Init
                0x00000b6a       0x50 ./MCAL/TIMER/Timer_Program.o
                0x00000b6a                TIMER0Normal_Init
 .text.TIMER0CTC_Init
                0x00000bba       0x52 ./MCAL/TIMER/Timer_Program.o
                0x00000bba                TIMER0CTC_Init
 .text.TIMER0PwmFast_Init
                0x00000c0c       0x4c ./MCAL/TIMER/Timer_Program.o
                0x00000c0c                TIMER0PwmFast_Init
 .text.TIMER0PwmFast_Duty
                0x00000c58       0x7a ./MCAL/TIMER/Timer_Program.o
                0x00000c58                TIMER0PwmFast_Duty
 .text.__vector_10
                0x00000cd2       0x58 ./MCAL/TIMER/Timer_Program.o
                0x00000cd2                __vector_10
 .text.__vector_11
                0x00000d2a       0x58 ./MCAL/TIMER/Timer_Program.o
                0x00000d2a                __vector_11
 .text.SPI_MasterInit
                0x00000d82       0x74 ./MCAL/SPI/SPI_Program.o
                0x00000d82                SPI_MasterInit
 .text.SPI_MasterSend
                0x00000df6       0x42 ./MCAL/SPI/SPI_Program.o
                0x00000df6                SPI_MasterSend
 .text.SPI_MasterRecieve
                0x00000e38       0x26 ./MCAL/SPI/SPI_Program.o
                0x00000e38                SPI_MasterRecieve
 .text.SPI_SlaveInit
                0x00000e5e       0x44 ./MCAL/SPI/SPI_Program.o
                0x00000e5e                SPI_SlaveInit
 .text.SPI_SlaveSend
                0x00000ea2       0x2e ./MCAL/SPI/SPI_Program.o
                0x00000ea2                SPI_SlaveSend
 .text.SPI_SlaveRecieve
                0x00000ed0       0x26 ./MCAL/SPI/SPI_Program.o
                0x00000ed0                SPI_SlaveRecieve
 .text.I2C_Init
                0x00000ef6       0x28 ./MCAL/I2C/I2C_Program.o
                0x00000ef6                I2C_Init
 .text.StartCondition
                0x00000f1e       0x42 ./MCAL/I2C/I2C_Program.o
                0x00000f1e                StartCondition
 .text.SendAddressW
                0x00000f60       0x4e ./MCAL/I2C/I2C_Program.o
                0x00000f60                SendAddressW
 .text.SendAddressR
                0x00000fae       0x62 ./MCAL/I2C/I2C_Program.o
                0x00000fae                SendAddressR
 .text.SendData
                0x00001010       0x4e ./MCAL/I2C/I2C_Program.o
                0x00001010                SendData
 .text.ReadDataACK
                0x0000105e       0x42 ./MCAL/I2C/I2C_Program.o
                0x0000105e                ReadDataACK
 .text.ReadDataNACK
                0x000010a0       0x48 ./MCAL/I2C/I2C_Program.o
                0x000010a0                ReadDataNACK
 .text.RStartCondition
                0x000010e8       0x42 ./MCAL/I2C/I2C_Program.o
                0x000010e8                RStartCondition
 .text.StopCondition
                0x0000112a       0x16 ./MCAL/I2C/I2C_Program.o
                0x0000112a                StopCondition
 .text.I2C_MasterSendData
                0x00001140       0x5e ./MCAL/I2C/I2C_Program.o
                0x00001140                I2C_MasterSendData
 .text.I2C_MasterRecieveData
                0x0000119e       0x70 ./MCAL/I2C/I2C_Program.o
                0x0000119e                I2C_MasterRecieveData
 .text.I2C_MasterSendRecieve
                0x0000120e       0xae ./MCAL/I2C/I2C_Program.o
                0x0000120e                I2C_MasterSendRecieve
 .text.I2C_SlaveInit
                0x000012bc       0x24 ./MCAL/I2C/I2C_Program.o
                0x000012bc                I2C_SlaveInit
 .text.I2C_SlaveSendData
                0x000012e0       0x40 ./MCAL/I2C/I2C_Program.o
                0x000012e0                I2C_SlaveSendData
 .text.I2C_SlaveRecieveData
                0x00001320       0x44 ./MCAL/I2C/I2C_Program.o
                0x00001320                I2C_SlaveRecieveData
 .text.GInterupt_Enable
                0x00001364       0x1c ./MCAL/GInterrupt/GInterrupt_Programme.o
                0x00001364                GInterupt_Enable
 .text.GInterupt_Disable
                0x00001380       0x1c ./MCAL/GInterrupt/GInterrupt_Programme.o
                0x00001380                GInterupt_Disable
 .text.EXTI0_LowLevelInit
                0x0000139c       0x42 ./MCAL/EXTInterrupt/EXTInterrupt_Programme.o
                0x0000139c                EXTI0_LowLevelInit
 .text.EXTI0_FailingEdgeInit
                0x000013de       0x42 ./MCAL/EXTInterrupt/EXTInterrupt_Programme.o
                0x000013de                EXTI0_FailingEdgeInit
 .text.EXTI0_RisingEdgeInit
                0x00001420       0x42 ./MCAL/EXTInterrupt/EXTInterrupt_Programme.o
                0x00001420                EXTI0_RisingEdgeInit
 .text.EXTI0_AnyChangeInit
                0x00001462       0x42 ./MCAL/EXTInterrupt/EXTInterrupt_Programme.o
                0x00001462                EXTI0_AnyChangeInit
 .text.EXTI0_Enable
                0x000014a4       0x1c ./MCAL/EXTInterrupt/EXTInterrupt_Programme.o
                0x000014a4                EXTI0_Enable
 .text.EXTI0_Disable
                0x000014c0       0x1c ./MCAL/EXTInterrupt/EXTInterrupt_Programme.o
                0x000014c0                EXTI0_Disable
 .text.EXTI0_ClearFlag
                0x000014dc       0x1c ./MCAL/EXTInterrupt/EXTInterrupt_Programme.o
                0x000014dc                EXTI0_ClearFlag
 .text.EXTI1_LowLevelInit
                0x000014f8       0x42 ./MCAL/EXTInterrupt/EXTInterrupt_Programme.o
                0x000014f8                EXTI1_LowLevelInit
 .text.EXTI1_FailingEdgeInit
                0x0000153a       0x42 ./MCAL/EXTInterrupt/EXTInterrupt_Programme.o
                0x0000153a                EXTI1_FailingEdgeInit
 .text.EXTI1_RisingEdgeInit
                0x0000157c       0x42 ./MCAL/EXTInterrupt/EXTInterrupt_Programme.o
                0x0000157c                EXTI1_RisingEdgeInit
 .text.EXTI1_AnyChangeInit
                0x000015be       0x42 ./MCAL/EXTInterrupt/EXTInterrupt_Programme.o
                0x000015be                EXTI1_AnyChangeInit
 .text.EXTI1_Enable
                0x00001600       0x1c ./MCAL/EXTInterrupt/EXTInterrupt_Programme.o
                0x00001600                EXTI1_Enable
 .text.EXTI1_Disable
                0x0000161c       0x1c ./MCAL/EXTInterrupt/EXTInterrupt_Programme.o
                0x0000161c                EXTI1_Disable
 .text.EXTI1_ClearFlag
                0x00001638       0x1c ./MCAL/EXTInterrupt/EXTInterrupt_Programme.o
                0x00001638                EXTI1_ClearFlag
 .text.EXTI2_FailingEdgeInit
                0x00001654       0x34 ./MCAL/EXTInterrupt/EXTInterrupt_Programme.o
                0x00001654                EXTI2_FailingEdgeInit
 .text.EXTI2_RisingEdgeInit
                0x00001688       0x34 ./MCAL/EXTInterrupt/EXTInterrupt_Programme.o
                0x00001688                EXTI2_RisingEdgeInit
 .text.EXTI2_Enable
                0x000016bc       0x1c ./MCAL/EXTInterrupt/EXTInterrupt_Programme.o
                0x000016bc                EXTI2_Enable
 .text.EXTI2_Disable
                0x000016d8       0x1c ./MCAL/EXTInterrupt/EXTInterrupt_Programme.o
                0x000016d8                EXTI2_Disable
 .text.EXTI2_ClearFlag
                0x000016f4       0x1c ./MCAL/EXTInterrupt/EXTInterrupt_Programme.o
                0x000016f4                EXTI2_ClearFlag
 .text.__vector_1
                0x00001710       0x58 ./MCAL/EXTInterrupt/EXTInterrupt_Programme.o
                0x00001710                __vector_1
 .text.__vector_2
                0x00001768       0x20 ./MCAL/EXTInterrupt/EXTInterrupt_Programme.o
                0x00001768                __vector_2
 .text.__vector_3
                0x00001788       0x20 ./MCAL/EXTInterrupt/EXTInterrupt_Programme.o
                0x00001788                __vector_3
 .text.DIO_SetPinDirection
                0x000017a8      0x210 ./MCAL/DIO/DIO_programme.o
                0x000017a8                DIO_SetPinDirection
 .text.DIO_SetPinValue
                0x000019b8      0x210 ./MCAL/DIO/DIO_programme.o
                0x000019b8                DIO_SetPinValue
 .text.DIO_TogPinValue
                0x00001bc8       0xfa ./MCAL/DIO/DIO_programme.o
                0x00001bc8                DIO_TogPinValue
 .text.DIO_GetPinValue
                0x00001cc2       0xf2 ./MCAL/DIO/DIO_programme.o
                0x00001cc2                DIO_GetPinValue
 .text.DIO_SetPortDirection
                0x00001db4       0x82 ./MCAL/DIO/DIO_programme.o
                0x00001db4                DIO_SetPortDirection
 .text.DIO_SetPortValue
                0x00001e36       0x82 ./MCAL/DIO/DIO_programme.o
                0x00001e36                DIO_SetPortValue
 .text.DIO_TogPortValue
                0x00001eb8       0x96 ./MCAL/DIO/DIO_programme.o
                0x00001eb8                DIO_TogPortValue
 .text.DIO_GetPortValue
                0x00001f4e       0x86 ./MCAL/DIO/DIO_programme.o
                0x00001f4e                DIO_GetPortValue
 .text.ADC_Init
                0x00001fd4       0x5a ./MCAL/ADC/ADC_Programme.o
                0x00001fd4                ADC_Init
 .text.ADC0_Read
                0x0000202e       0x2e ./MCAL/ADC/ADC_Programme.o
                0x0000202e                ADC0_Read
 .text.ADC1_Read
                0x0000205c       0x30 ./MCAL/ADC/ADC_Programme.o
                0x0000205c                ADC1_Read
 .text.ADC2_Read
                0x0000208c       0x30 ./MCAL/ADC/ADC_Programme.o
                0x0000208c                ADC2_Read
 .text.ADC3_Read
                0x000020bc       0x30 ./MCAL/ADC/ADC_Programme.o
                0x000020bc                ADC3_Read
 .text.ADC4_Read
                0x000020ec       0x30 ./MCAL/ADC/ADC_Programme.o
                0x000020ec                ADC4_Read
 .text.ADC5_Read
                0x0000211c       0x30 ./MCAL/ADC/ADC_Programme.o
                0x0000211c                ADC5_Read
 .text.ADC6_Read
                0x0000214c       0x30 ./MCAL/ADC/ADC_Programme.o
                0x0000214c                ADC6_Read
 .text.ADC7_Read
                0x0000217c       0x30 ./MCAL/ADC/ADC_Programme.o
                0x0000217c                ADC7_Read
 .text.ADC_TurnON
                0x000021ac       0x1c ./MCAL/ADC/ADC_Programme.o
                0x000021ac                ADC_TurnON
 .text.ADC_TurnOFF
                0x000021c8       0x1c ./MCAL/ADC/ADC_Programme.o
                0x000021c8                ADC_TurnOFF
 .text.Segment7_Init
                0x000021e4       0x1c ./HAL/Segment7/Segment7_Programe.o
                0x000021e4                Segment7_Init
 .text.Segment7_SetValue
                0x00002200       0x20 ./HAL/Segment7/Segment7_Programe.o
                0x00002200                Segment7_SetValue
 .text.Segment7_DisplayON
                0x00002220       0x1e ./HAL/Segment7/Segment7_Programe.o
                0x00002220                Segment7_DisplayON
 .text.Segment7_DisplayOFF
                0x0000223e       0x1e ./HAL/Segment7/Segment7_Programe.o
                0x0000223e                Segment7_DisplayOFF
 .text.main     0x0000225c       0x2a ./main.o
                0x0000225c                main
 .text.libgcc   0x00002286        0x0 d:/embedded/imt_sdk_win_64/winavr/bin/../lib/gcc/avr/4.3.3/avr5\libgcc.a(_exit.o)
 .text.libgcc   0x00002286        0x0 d:/embedded/imt_sdk_win_64/winavr/bin/../lib/gcc/avr/4.3.3/avr5\libgcc.a(_copy_data.o)
 .text.libgcc   0x00002286       0x38 d:/embedded/imt_sdk_win_64/winavr/bin/../lib/gcc/avr/4.3.3/avr5\libgcc.a(_prologue.o)
                0x00002286                __prologue_saves__
 .text.libgcc   0x000022be       0x36 d:/embedded/imt_sdk_win_64/winavr/bin/../lib/gcc/avr/4.3.3/avr5\libgcc.a(_epilogue.o)
                0x000022be                __epilogue_restores__
                0x000022f4                . = ALIGN (0x2)
 *(.fini9)
 .fini9         0x000022f4        0x0 d:/embedded/imt_sdk_win_64/winavr/bin/../lib/gcc/avr/4.3.3/avr5\libgcc.a(_exit.o)
                0x000022f4                exit
                0x000022f4                _exit
 *(.fini9)
 *(.fini8)
 *(.fini8)
 *(.fini7)
 *(.fini7)
 *(.fini6)
 *(.fini6)
 *(.fini5)
 *(.fini5)
 *(.fini4)
 *(.fini4)
 *(.fini3)
 *(.fini3)
 *(.fini2)
 *(.fini2)
 *(.fini1)
 *(.fini1)
 *(.fini0)
 .fini0         0x000022f4        0x4 d:/embedded/imt_sdk_win_64/winavr/bin/../lib/gcc/avr/4.3.3/avr5\libgcc.a(_exit.o)
 *(.fini0)
                0x000022f8                _etext = .

.data           0x00800060       0x12 load address 0x000022f8
                0x00800060                PROVIDE (__data_start, .)
 *(.data)
 .data          0x00800060        0x0 d:/embedded/imt_sdk_win_64/winavr/bin/../lib/gcc/avr/4.3.3/../../../../avr/lib/avr5/crtm32.o
 .data          0x00800060        0x0 ./MCAL/WatchDog/WatchDog_Program.o
 .data          0x00800060        0x0 ./MCAL/UART/UART_Program.o
 .data          0x00800060        0x0 ./MCAL/TIMER/Timer_Program.o
 .data          0x00800060        0x0 ./MCAL/SPI/SPI_Program.o
 .data          0x00800060        0x0 ./MCAL/I2C/I2C_Program.o
 .data          0x00800060        0x0 ./MCAL/GInterrupt/GInterrupt_Programme.o
 .data          0x00800060        0x0 ./MCAL/EXTInterrupt/EXTInterrupt_Programme.o
 .data          0x00800060        0x0 ./MCAL/DIO/DIO_programme.o
 .data          0x00800060        0x0 ./MCAL/ADC/ADC_Programme.o
 .data          0x00800060        0x0 ./HAL/Segment7/Segment7_Programe.o
 .data          0x00800060        0x0 ./main.o
 .data          0x00800060        0x0 d:/embedded/imt_sdk_win_64/winavr/bin/../lib/gcc/avr/4.3.3/avr5\libgcc.a(_exit.o)
 .data          0x00800060        0x0 d:/embedded/imt_sdk_win_64/winavr/bin/../lib/gcc/avr/4.3.3/avr5\libgcc.a(_copy_data.o)
 .data          0x00800060        0x0 d:/embedded/imt_sdk_win_64/winavr/bin/../lib/gcc/avr/4.3.3/avr5\libgcc.a(_fixunssfsi.o)
 .data          0x00800060        0x0 d:/embedded/imt_sdk_win_64/winavr/bin/../lib/gcc/avr/4.3.3/avr5\libgcc.a(_addsub_sf.o)
 .data          0x00800060        0x0 d:/embedded/imt_sdk_win_64/winavr/bin/../lib/gcc/avr/4.3.3/avr5\libgcc.a(_mul_sf.o)
 .data          0x00800060        0x0 d:/embedded/imt_sdk_win_64/winavr/bin/../lib/gcc/avr/4.3.3/avr5\libgcc.a(_ge_sf.o)
 .data          0x00800060        0x0 d:/embedded/imt_sdk_win_64/winavr/bin/../lib/gcc/avr/4.3.3/avr5\libgcc.a(_sf_to_si.o)
 .data          0x00800060        0x8 d:/embedded/imt_sdk_win_64/winavr/bin/../lib/gcc/avr/4.3.3/avr5\libgcc.a(_thenan_sf.o)
                0x00800060                __thenan_sf
 .data          0x00800068        0x0 d:/embedded/imt_sdk_win_64/winavr/bin/../lib/gcc/avr/4.3.3/avr5\libgcc.a(_prologue.o)
 .data          0x00800068        0x0 d:/embedded/imt_sdk_win_64/winavr/bin/../lib/gcc/avr/4.3.3/avr5\libgcc.a(_epilogue.o)
 .data          0x00800068        0x0 d:/embedded/imt_sdk_win_64/winavr/bin/../lib/gcc/avr/4.3.3/avr5\libgcc.a(_pack_sf.o)
 .data          0x00800068        0x0 d:/embedded/imt_sdk_win_64/winavr/bin/../lib/gcc/avr/4.3.3/avr5\libgcc.a(_unpack_sf.o)
 .data          0x00800068        0x0 d:/embedded/imt_sdk_win_64/winavr/bin/../lib/gcc/avr/4.3.3/avr5\libgcc.a(_fpcmp_parts_sf.o)
 *(.data*)
 .data.NUM      0x00800068        0xa ./HAL/Segment7/Segment7_Programe.o
                0x00800068                NUM
 *(.rodata)
 *(.rodata*)
 *(.gnu.linkonce.d*)
                0x00800072                . = ALIGN (0x2)
                0x00800072                _edata = .
                0x00800072                PROVIDE (__data_end, .)

.bss            0x00800072        0x0
                0x00800072                PROVIDE (__bss_start, .)
 *(.bss)
 .bss           0x00800072        0x0 d:/embedded/imt_sdk_win_64/winavr/bin/../lib/gcc/avr/4.3.3/../../../../avr/lib/avr5/crtm32.o
 .bss           0x00800072        0x0 ./MCAL/WatchDog/WatchDog_Program.o
 .bss           0x00800072        0x0 ./MCAL/UART/UART_Program.o
 .bss           0x00800072        0x0 ./MCAL/TIMER/Timer_Program.o
 .bss           0x00800072        0x0 ./MCAL/SPI/SPI_Program.o
 .bss           0x00800072        0x0 ./MCAL/I2C/I2C_Program.o
 .bss           0x00800072        0x0 ./MCAL/GInterrupt/GInterrupt_Programme.o
 .bss           0x00800072        0x0 ./MCAL/EXTInterrupt/EXTInterrupt_Programme.o
 .bss           0x00800072        0x0 ./MCAL/DIO/DIO_programme.o
 .bss           0x00800072        0x0 ./MCAL/ADC/ADC_Programme.o
 .bss           0x00800072        0x0 ./HAL/Segment7/Segment7_Programe.o
 .bss           0x00800072        0x0 ./main.o
 .bss           0x00800072        0x0 d:/embedded/imt_sdk_win_64/winavr/bin/../lib/gcc/avr/4.3.3/avr5\libgcc.a(_exit.o)
 .bss           0x00800072        0x0 d:/embedded/imt_sdk_win_64/winavr/bin/../lib/gcc/avr/4.3.3/avr5\libgcc.a(_copy_data.o)
 .bss           0x00800072        0x0 d:/embedded/imt_sdk_win_64/winavr/bin/../lib/gcc/avr/4.3.3/avr5\libgcc.a(_fixunssfsi.o)
 .bss           0x00800072        0x0 d:/embedded/imt_sdk_win_64/winavr/bin/../lib/gcc/avr/4.3.3/avr5\libgcc.a(_addsub_sf.o)
 .bss           0x00800072        0x0 d:/embedded/imt_sdk_win_64/winavr/bin/../lib/gcc/avr/4.3.3/avr5\libgcc.a(_mul_sf.o)
 .bss           0x00800072        0x0 d:/embedded/imt_sdk_win_64/winavr/bin/../lib/gcc/avr/4.3.3/avr5\libgcc.a(_ge_sf.o)
 .bss           0x00800072        0x0 d:/embedded/imt_sdk_win_64/winavr/bin/../lib/gcc/avr/4.3.3/avr5\libgcc.a(_sf_to_si.o)
 .bss           0x00800072        0x0 d:/embedded/imt_sdk_win_64/winavr/bin/../lib/gcc/avr/4.3.3/avr5\libgcc.a(_thenan_sf.o)
 .bss           0x00800072        0x0 d:/embedded/imt_sdk_win_64/winavr/bin/../lib/gcc/avr/4.3.3/avr5\libgcc.a(_prologue.o)
 .bss           0x00800072        0x0 d:/embedded/imt_sdk_win_64/winavr/bin/../lib/gcc/avr/4.3.3/avr5\libgcc.a(_epilogue.o)
 .bss           0x00800072        0x0 d:/embedded/imt_sdk_win_64/winavr/bin/../lib/gcc/avr/4.3.3/avr5\libgcc.a(_pack_sf.o)
 .bss           0x00800072        0x0 d:/embedded/imt_sdk_win_64/winavr/bin/../lib/gcc/avr/4.3.3/avr5\libgcc.a(_unpack_sf.o)
 .bss           0x00800072        0x0 d:/embedded/imt_sdk_win_64/winavr/bin/../lib/gcc/avr/4.3.3/avr5\libgcc.a(_fpcmp_parts_sf.o)
 *(.bss*)
 *(COMMON)
                0x00800072                PROVIDE (__bss_end, .)
                0x000022f8                __data_load_start = LOADADDR (.data)
                0x0000230a                __data_load_end = (__data_load_start + SIZEOF (.data))

.noinit         0x00800072        0x0
                0x00800072                PROVIDE (__noinit_start, .)
 *(.noinit*)
                0x00800072                PROVIDE (__noinit_end, .)
                0x00800072                _end = .
                0x00800072                PROVIDE (__heap_start, .)

.eeprom         0x00810000        0x0
 *(.eeprom*)
                0x00810000                __eeprom_end = .

.fuse
 *(.fuse)
 *(.lfuse)
 *(.hfuse)
 *(.efuse)

.lock
 *(.lock*)

.signature
 *(.signature*)

.stab           0x00000000     0x2c64
 *(.stab)
 .stab          0x00000000      0x228 ./MCAL/WatchDog/WatchDog_Program.o
 .stab          0x00000228      0x234 ./MCAL/UART/UART_Program.o
                                0x240 (size before relaxing)
 .stab          0x0000045c      0x318 ./MCAL/TIMER/Timer_Program.o
                                0x324 (size before relaxing)
 .stab          0x00000774      0x384 ./MCAL/SPI/SPI_Program.o
                                0x390 (size before relaxing)
 .stab          0x00000af8      0x8f4 ./MCAL/I2C/I2C_Program.o
                                0x900 (size before relaxing)
 .stab          0x000013ec      0x1b0 ./MCAL/GInterrupt/GInterrupt_Programme.o
                                0x1bc (size before relaxing)
 .stab          0x0000159c      0x720 ./MCAL/EXTInterrupt/EXTInterrupt_Programme.o
                                0x72c (size before relaxing)
 .stab          0x00001cbc      0x5dc ./MCAL/DIO/DIO_programme.o
                                0x5e8 (size before relaxing)
 .stab          0x00002298      0x3fc ./MCAL/ADC/ADC_Programme.o
                                0x408 (size before relaxing)
 .stab          0x00002694      0x258 ./HAL/Segment7/Segment7_Programe.o
                                0x264 (size before relaxing)
 .stab          0x000028ec      0x378 ./main.o
                                0x384 (size before relaxing)

.stabstr        0x00000000     0x11b6
 *(.stabstr)
 .stabstr       0x00000000     0x11b6 ./MCAL/WatchDog/WatchDog_Program.o

.stab.excl
 *(.stab.excl)

.stab.exclstr
 *(.stab.exclstr)

.stab.index
 *(.stab.index)

.stab.indexstr
 *(.stab.indexstr)

.comment
 *(.comment)

.debug
 *(.debug)

.line
 *(.line)

.debug_srcinfo
 *(.debug_srcinfo)

.debug_sfnames
 *(.debug_sfnames)

.debug_aranges  0x00000000      0x100
 *(.debug_aranges)
 .debug_aranges
                0x00000000       0x20 d:/embedded/imt_sdk_win_64/winavr/bin/../lib/gcc/avr/4.3.3/avr5\libgcc.a(_fixunssfsi.o)
 .debug_aranges
                0x00000020       0x20 d:/embedded/imt_sdk_win_64/winavr/bin/../lib/gcc/avr/4.3.3/avr5\libgcc.a(_addsub_sf.o)
 .debug_aranges
                0x00000040       0x20 d:/embedded/imt_sdk_win_64/winavr/bin/../lib/gcc/avr/4.3.3/avr5\libgcc.a(_mul_sf.o)
 .debug_aranges
                0x00000060       0x20 d:/embedded/imt_sdk_win_64/winavr/bin/../lib/gcc/avr/4.3.3/avr5\libgcc.a(_ge_sf.o)
 .debug_aranges
                0x00000080       0x20 d:/embedded/imt_sdk_win_64/winavr/bin/../lib/gcc/avr/4.3.3/avr5\libgcc.a(_sf_to_si.o)
 .debug_aranges
                0x000000a0       0x20 d:/embedded/imt_sdk_win_64/winavr/bin/../lib/gcc/avr/4.3.3/avr5\libgcc.a(_pack_sf.o)
 .debug_aranges
                0x000000c0       0x20 d:/embedded/imt_sdk_win_64/winavr/bin/../lib/gcc/avr/4.3.3/avr5\libgcc.a(_unpack_sf.o)
 .debug_aranges
                0x000000e0       0x20 d:/embedded/imt_sdk_win_64/winavr/bin/../lib/gcc/avr/4.3.3/avr5\libgcc.a(_fpcmp_parts_sf.o)

.debug_pubnames
                0x00000000      0x134
 *(.debug_pubnames)
 .debug_pubnames
                0x00000000       0x23 d:/embedded/imt_sdk_win_64/winavr/bin/../lib/gcc/avr/4.3.3/avr5\libgcc.a(_fixunssfsi.o)
 .debug_pubnames
                0x00000023       0x2c d:/embedded/imt_sdk_win_64/winavr/bin/../lib/gcc/avr/4.3.3/avr5\libgcc.a(_addsub_sf.o)
 .debug_pubnames
                0x0000004f       0x1f d:/embedded/imt_sdk_win_64/winavr/bin/../lib/gcc/avr/4.3.3/avr5\libgcc.a(_mul_sf.o)
 .debug_pubnames
                0x0000006e       0x1e d:/embedded/imt_sdk_win_64/winavr/bin/../lib/gcc/avr/4.3.3/avr5\libgcc.a(_ge_sf.o)
 .debug_pubnames
                0x0000008c       0x20 d:/embedded/imt_sdk_win_64/winavr/bin/../lib/gcc/avr/4.3.3/avr5\libgcc.a(_sf_to_si.o)
 .debug_pubnames
                0x000000ac       0x22 d:/embedded/imt_sdk_win_64/winavr/bin/../lib/gcc/avr/4.3.3/avr5\libgcc.a(_thenan_sf.o)
 .debug_pubnames
                0x000000ce       0x1f d:/embedded/imt_sdk_win_64/winavr/bin/../lib/gcc/avr/4.3.3/avr5\libgcc.a(_pack_sf.o)
 .debug_pubnames
                0x000000ed       0x21 d:/embedded/imt_sdk_win_64/winavr/bin/../lib/gcc/avr/4.3.3/avr5\libgcc.a(_unpack_sf.o)
 .debug_pubnames
                0x0000010e       0x26 d:/embedded/imt_sdk_win_64/winavr/bin/../lib/gcc/avr/4.3.3/avr5\libgcc.a(_fpcmp_parts_sf.o)

.debug_info     0x00000000     0x174b
 *(.debug_info)
 .debug_info    0x00000000       0xb1 d:/embedded/imt_sdk_win_64/winavr/bin/../lib/gcc/avr/4.3.3/avr5\libgcc.a(_fixunssfsi.o)
 .debug_info    0x000000b1      0x47a d:/embedded/imt_sdk_win_64/winavr/bin/../lib/gcc/avr/4.3.3/avr5\libgcc.a(_addsub_sf.o)
 .debug_info    0x0000052b      0x485 d:/embedded/imt_sdk_win_64/winavr/bin/../lib/gcc/avr/4.3.3/avr5\libgcc.a(_mul_sf.o)
 .debug_info    0x000009b0      0x27f d:/embedded/imt_sdk_win_64/winavr/bin/../lib/gcc/avr/4.3.3/avr5\libgcc.a(_ge_sf.o)
 .debug_info    0x00000c2f      0x2b0 d:/embedded/imt_sdk_win_64/winavr/bin/../lib/gcc/avr/4.3.3/avr5\libgcc.a(_sf_to_si.o)
 .debug_info    0x00000edf      0x12c d:/embedded/imt_sdk_win_64/winavr/bin/../lib/gcc/avr/4.3.3/avr5\libgcc.a(_thenan_sf.o)
 .debug_info    0x0000100b      0x2df d:/embedded/imt_sdk_win_64/winavr/bin/../lib/gcc/avr/4.3.3/avr5\libgcc.a(_pack_sf.o)
 .debug_info    0x000012ea      0x251 d:/embedded/imt_sdk_win_64/winavr/bin/../lib/gcc/avr/4.3.3/avr5\libgcc.a(_unpack_sf.o)
 .debug_info    0x0000153b      0x210 d:/embedded/imt_sdk_win_64/winavr/bin/../lib/gcc/avr/4.3.3/avr5\libgcc.a(_fpcmp_parts_sf.o)
 *(.gnu.linkonce.wi.*)

.debug_abbrev   0x00000000      0xc37
 *(.debug_abbrev)
 .debug_abbrev  0x00000000       0x5d d:/embedded/imt_sdk_win_64/winavr/bin/../lib/gcc/avr/4.3.3/avr5\libgcc.a(_fixunssfsi.o)
 .debug_abbrev  0x0000005d      0x1ea d:/embedded/imt_sdk_win_64/winavr/bin/../lib/gcc/avr/4.3.3/avr5\libgcc.a(_addsub_sf.o)
 .debug_abbrev  0x00000247      0x21b d:/embedded/imt_sdk_win_64/winavr/bin/../lib/gcc/avr/4.3.3/avr5\libgcc.a(_mul_sf.o)
 .debug_abbrev  0x00000462      0x15a d:/embedded/imt_sdk_win_64/winavr/bin/../lib/gcc/avr/4.3.3/avr5\libgcc.a(_ge_sf.o)
 .debug_abbrev  0x000005bc      0x17f d:/embedded/imt_sdk_win_64/winavr/bin/../lib/gcc/avr/4.3.3/avr5\libgcc.a(_sf_to_si.o)
 .debug_abbrev  0x0000073b       0xad d:/embedded/imt_sdk_win_64/winavr/bin/../lib/gcc/avr/4.3.3/avr5\libgcc.a(_thenan_sf.o)
 .debug_abbrev  0x000007e8      0x1c0 d:/embedded/imt_sdk_win_64/winavr/bin/../lib/gcc/avr/4.3.3/avr5\libgcc.a(_pack_sf.o)
 .debug_abbrev  0x000009a8      0x154 d:/embedded/imt_sdk_win_64/winavr/bin/../lib/gcc/avr/4.3.3/avr5\libgcc.a(_unpack_sf.o)
 .debug_abbrev  0x00000afc      0x13b d:/embedded/imt_sdk_win_64/winavr/bin/../lib/gcc/avr/4.3.3/avr5\libgcc.a(_fpcmp_parts_sf.o)

.debug_line     0x00000000      0xc07
 *(.debug_line)
 .debug_line    0x00000000       0xa7 d:/embedded/imt_sdk_win_64/winavr/bin/../lib/gcc/avr/4.3.3/avr5\libgcc.a(_fixunssfsi.o)
 .debug_line    0x000000a7      0x2af d:/embedded/imt_sdk_win_64/winavr/bin/../lib/gcc/avr/4.3.3/avr5\libgcc.a(_addsub_sf.o)
 .debug_line    0x00000356      0x239 d:/embedded/imt_sdk_win_64/winavr/bin/../lib/gcc/avr/4.3.3/avr5\libgcc.a(_mul_sf.o)
 .debug_line    0x0000058f       0xd3 d:/embedded/imt_sdk_win_64/winavr/bin/../lib/gcc/avr/4.3.3/avr5\libgcc.a(_ge_sf.o)
 .debug_line    0x00000662      0x109 d:/embedded/imt_sdk_win_64/winavr/bin/../lib/gcc/avr/4.3.3/avr5\libgcc.a(_sf_to_si.o)
 .debug_line    0x0000076b       0x90 d:/embedded/imt_sdk_win_64/winavr/bin/../lib/gcc/avr/4.3.3/avr5\libgcc.a(_thenan_sf.o)
 .debug_line    0x000007fb      0x18a d:/embedded/imt_sdk_win_64/winavr/bin/../lib/gcc/avr/4.3.3/avr5\libgcc.a(_pack_sf.o)
 .debug_line    0x00000985      0x14b d:/embedded/imt_sdk_win_64/winavr/bin/../lib/gcc/avr/4.3.3/avr5\libgcc.a(_unpack_sf.o)
 .debug_line    0x00000ad0      0x137 d:/embedded/imt_sdk_win_64/winavr/bin/../lib/gcc/avr/4.3.3/avr5\libgcc.a(_fpcmp_parts_sf.o)

.debug_frame    0x00000000      0x120
 *(.debug_frame)
 .debug_frame   0x00000000       0x20 d:/embedded/imt_sdk_win_64/winavr/bin/../lib/gcc/avr/4.3.3/avr5\libgcc.a(_fixunssfsi.o)
 .debug_frame   0x00000020       0x40 d:/embedded/imt_sdk_win_64/winavr/bin/../lib/gcc/avr/4.3.3/avr5\libgcc.a(_addsub_sf.o)
 .debug_frame   0x00000060       0x20 d:/embedded/imt_sdk_win_64/winavr/bin/../lib/gcc/avr/4.3.3/avr5\libgcc.a(_mul_sf.o)
 .debug_frame   0x00000080       0x20 d:/embedded/imt_sdk_win_64/winavr/bin/../lib/gcc/avr/4.3.3/avr5\libgcc.a(_ge_sf.o)
 .debug_frame   0x000000a0       0x20 d:/embedded/imt_sdk_win_64/winavr/bin/../lib/gcc/avr/4.3.3/avr5\libgcc.a(_sf_to_si.o)
 .debug_frame   0x000000c0       0x20 d:/embedded/imt_sdk_win_64/winavr/bin/../lib/gcc/avr/4.3.3/avr5\libgcc.a(_pack_sf.o)
 .debug_frame   0x000000e0       0x20 d:/embedded/imt_sdk_win_64/winavr/bin/../lib/gcc/avr/4.3.3/avr5\libgcc.a(_unpack_sf.o)
 .debug_frame   0x00000100       0x20 d:/embedded/imt_sdk_win_64/winavr/bin/../lib/gcc/avr/4.3.3/avr5\libgcc.a(_fpcmp_parts_sf.o)

.debug_str      0x00000000      0x27d
 *(.debug_str)
 .debug_str     0x00000000       0xbf d:/embedded/imt_sdk_win_64/winavr/bin/../lib/gcc/avr/4.3.3/avr5\libgcc.a(_fixunssfsi.o)
                                 0xfe (size before relaxing)
 .debug_str     0x000000bf      0x14d d:/embedded/imt_sdk_win_64/winavr/bin/../lib/gcc/avr/4.3.3/avr5\libgcc.a(_addsub_sf.o)
                                0x206 (size before relaxing)
 .debug_str     0x0000020c       0x27 d:/embedded/imt_sdk_win_64/winavr/bin/../lib/gcc/avr/4.3.3/avr5\libgcc.a(_mul_sf.o)
                                0x1bf (size before relaxing)
 .debug_str     0x00000233        0xf d:/embedded/imt_sdk_win_64/winavr/bin/../lib/gcc/avr/4.3.3/avr5\libgcc.a(_ge_sf.o)
                                0x195 (size before relaxing)
 .debug_str     0x00000242        0xa d:/embedded/imt_sdk_win_64/winavr/bin/../lib/gcc/avr/4.3.3/avr5\libgcc.a(_sf_to_si.o)
                                0x19e (size before relaxing)
 .debug_str     0x00000000      0x103 d:/embedded/imt_sdk_win_64/winavr/bin/../lib/gcc/avr/4.3.3/avr5\libgcc.a(_thenan_sf.o)
 .debug_str     0x0000024c       0x16 d:/embedded/imt_sdk_win_64/winavr/bin/../lib/gcc/avr/4.3.3/avr5\libgcc.a(_pack_sf.o)
                                0x19d (size before relaxing)
 .debug_str     0x00000262        0xb d:/embedded/imt_sdk_win_64/winavr/bin/../lib/gcc/avr/4.3.3/avr5\libgcc.a(_unpack_sf.o)
                                0x17f (size before relaxing)
 .debug_str     0x0000026d       0x10 d:/embedded/imt_sdk_win_64/winavr/bin/../lib/gcc/avr/4.3.3/avr5\libgcc.a(_fpcmp_parts_sf.o)
                                0x163 (size before relaxing)

.debug_loc      0x00000000      0x756
 *(.debug_loc)
 .debug_loc     0x00000000       0x34 d:/embedded/imt_sdk_win_64/winavr/bin/../lib/gcc/avr/4.3.3/avr5\libgcc.a(_fixunssfsi.o)
 .debug_loc     0x00000034      0x32a d:/embedded/imt_sdk_win_64/winavr/bin/../lib/gcc/avr/4.3.3/avr5\libgcc.a(_addsub_sf.o)
 .debug_loc     0x0000035e      0x104 d:/embedded/imt_sdk_win_64/winavr/bin/../lib/gcc/avr/4.3.3/avr5\libgcc.a(_mul_sf.o)
 .debug_loc     0x00000462       0x3c d:/embedded/imt_sdk_win_64/winavr/bin/../lib/gcc/avr/4.3.3/avr5\libgcc.a(_ge_sf.o)
 .debug_loc     0x0000049e       0x7e d:/embedded/imt_sdk_win_64/winavr/bin/../lib/gcc/avr/4.3.3/avr5\libgcc.a(_sf_to_si.o)
 .debug_loc     0x0000051c      0x13e d:/embedded/imt_sdk_win_64/winavr/bin/../lib/gcc/avr/4.3.3/avr5\libgcc.a(_pack_sf.o)
 .debug_loc     0x0000065a       0xac d:/embedded/imt_sdk_win_64/winavr/bin/../lib/gcc/avr/4.3.3/avr5\libgcc.a(_unpack_sf.o)
 .debug_loc     0x00000706       0x50 d:/embedded/imt_sdk_win_64/winavr/bin/../lib/gcc/avr/4.3.3/avr5\libgcc.a(_fpcmp_parts_sf.o)

.debug_macinfo
 *(.debug_macinfo)
OUTPUT(Atmega32_Drivers.elf elf32-avr)
LOAD linker stubs

.debug_ranges   0x00000000       0x50
 .debug_ranges  0x00000000       0x50 d:/embedded/imt_sdk_win_64/winavr/bin/../lib/gcc/avr/4.3.3/avr5\libgcc.a(_mul_sf.o)
